configured_user= image_size=47994212
ruby 3.0.2p107 (2021-07-07 revision 0db68f0233) [x86_64-linux-gnu]
Bundler version 2.5.23
The Gemfile's dependencies are satisfied
/usr/sbin/runuser
absent=gcc
absent=g++
absent=make
absent=curl
absent_package=ruby-dev
absent_package=build-essential
absent_package=curl
7f99b8fc96552f51b5a2b714b2ba93639bd6823c066f766bec8a8c0b57968c0c
sinatra_health={"status":"ok","ruby":"3.0.2"}
counter_post={"counter":1}
counter_get={"counter":1}
counter_after_20_concurrent_posts={"counter":21}
USER                PID                 COMMAND
root                150015              tini
root                150056              cube-entrypoint
root                150059              envd
root                150060              runuser
1000                150065              ruby
LOCAL_CONTAINER_VERIFICATION=PASS
